
> fbtdashboard@0.1.0 build
> next build

Γû▓ Next.js 16.2.9 (Turbopack)

  Creating an optimized production build ...
Γ£ô Compiled successfully in 14.2s
  Running TypeScript ...
node.exe : Failed to type check.
At C:\Program Files\nodejs\npm.ps1:29 
char:3
+   & $NODE_EXE $NPM_CLI_JS $args
+   ~~~~~~~~~~~~~~~~~~~~~~~~~~~~~
    + CategoryInfo          : NotSpecifi 
   ed: (Failed to type check.:String) [  
  ], RemoteException
    + FullyQualifiedErrorId : NativeComm 
   andError
 

.next/types/validator.ts:132:39
Type error: File 'D:/Desktop/fbtDashboard
/fbtdashboard/src/app/signup/page.tsx' 
is not a module.

  [90m130 |[0m {
  [90m131 |[0m   [36mtype[0m 
__IsExpected<[33mSpecific[0m 
[36mextends[0m [33mAppPageConfig[0m<
[32m"/signup"[0m>> = [33mSpecific[0m
[31m[1m>[0m [90m132 |[0m   
[36mconst[0m handler = {} [36mas[0m 
[36mtypeof[0m [36mimport[0m([32m"../
../src/app/signup/page.js"[0m)
  [90m    |[0m                         
              [31m[1m^[0m
  [90m133 |[0m   [36mtype[0m __Check 
= __IsExpected<[36mtypeof[0m handler>
  [90m134 |[0m   [90m// @ts-ignore[0m
  [90m135 |[0m   [36mtype[0m 
__Unused = __Check
Next.js build worker exited with code: 1 
and signal: null
